bbl loader
true
true
true
false
true
true
false
false
0
