bbl loader
-2
5
-1.700000
5.800000
-0.650000
6.000000
0
