bbl loader
702
226
74.991997
215.764374
117.436000
938.120000
0
