bbl loader
9.000000
11.200000
12.500000
14.700000
16.900000
19.100000
0
